// Jest Snapshot v1, https://goo.gl/fbAQLP

exports[`should render ExpenseListItem with expense 1`] = `
<li>
  <Link
    replace={false}
    to="/edit/1"
  >
    <strong>
      Gum
    </strong>
  </Link>
  <p>
    Amount: 
    195
    , Created: 
    0
  </p>
</li>
`;
